[html.themefax.com/faxestate/html/ltr/index_3.html]
[backblue.gif]
[fade.gif]
[index.html]
[html.themefax.com/faxestate/html/ltr/assets/images/favicon.png]
[html.themefax.com/faxestate/html/ltr/assets/css/all.min.css]
[html.themefax.com/faxestate/html/ltr/assets/css/bootstrap.min.css]
[html.themefax.com/faxestate/html/ltr/assets/css/nice-select.css]
[html.themefax.com/faxestate/html/ltr/assets/css/slick.css]
[html.themefax.com/faxestate/html/ltr/assets/css/select2.min.css]
[html.themefax.com/faxestate/html/ltr/assets/css/animate.css]
[html.themefax.com/faxestate/html/ltr/assets/css/animated_barfiller.css]
[html.themefax.com/faxestate/html/ltr/assets/css/summernote.min.css]
[html.themefax.com/faxestate/html/ltr/assets/css/scroll_button.css]
[html.themefax.com/faxestate/html/ltr/assets/css/utilities.css]
[html.themefax.com/faxestate/html/ltr/assets/css/jquery.simple-bar-graph.min.css]
[html.themefax.com/faxestate/html/ltr/assets/css/style.css]
[html.themefax.com/faxestate/html/ltr/assets/css/responsive.css]
[html.themefax.com/faxestate/html/ltr/assets/images/logo_3.png]
[html.themefax.com/faxestate/html/ltr/index.html]
[html.themefax.com/faxestate/html/ltr/index_2.html]
[html.themefax.com/faxestate/html/ltr/about_us.html]
[html.themefax.com/faxestate/html/ltr/property_grid_view.html]
[html.themefax.com/faxestate/html/ltr/property_list_view.html]
[html.themefax.com/faxestate/html/ltr/property_left_sidebar.html]
[html.themefax.com/faxestate/html/ltr/property_right_sidebar.html]
[html.themefax.com/faxestate/html/ltr/property_details.html]
[html.themefax.com/faxestate/html/ltr/agencies.html]
[html.themefax.com/faxestate/html/ltr/agencies_details.html]
[html.themefax.com/faxestate/html/ltr/blog_details.html]
[html.themefax.com/faxestate/html/ltr/agent.html]
[html.themefax.com/faxestate/html/ltr/agent_details.html]
[html.themefax.com/faxestate/html/ltr/pricing_plan.html]
[html.themefax.com/faxestate/html/ltr/checkout.html]
[html.themefax.com/faxestate/html/ltr/payment.html]
[html.themefax.com/faxestate/html/ltr/error.html]
[html.themefax.com/faxestate/html/ltr/faq.html]
[html.themefax.com/faxestate/html/ltr/sign_in.html]
[html.themefax.com/faxestate/html/ltr/sign_up.html]
[html.themefax.com/faxestate/html/ltr/forgot_password.html]
[html.themefax.com/faxestate/html/ltr/privacy_policy.html]
[html.themefax.com/faxestate/html/ltr/terms_condition.html]
[html.themefax.com/faxestate/html/ltr/blog.html]
[html.themefax.com/faxestate/html/ltr/contact.html]
[html.themefax.com/faxestate/html/ltr/dashboard.html]
[html.themefax.com/faxestate/html/ltr/assets/images/user_icon_1.png]
[html.themefax.com/faxestate/html/ltr/dashboard_add_property.html]
[html.themefax.com/faxestate/html/ltr/assets/images/banner_3_bg.jpg]
[html.themefax.com/faxestate/html/ltr/assets/images/latest_property_bg.png]
[html.themefax.com/faxestate/html/ltr/assets/images/property_3_img_1.png]
[html.themefax.com/faxestate/html/ltr/assets/images/bad_2.png]
[html.themefax.com/faxestate/html/ltr/assets/images/bathtab_2.png]
[html.themefax.com/faxestate/html/ltr/assets/images/squre_2.png]
[html.themefax.com/faxestate/html/ltr/assets/images/property_3_img_2.png]
[html.themefax.com/faxestate/html/ltr/assets/images/property_3_img_3.png]
[html.themefax.com/faxestate/html/ltr/assets/images/property_3_img_4.png]
[html.themefax.com/faxestate/html/ltr/assets/images/about_img_4.png]
[html.themefax.com/faxestate/html/ltr/assets/images/about_2_icon_1.png]
[html.themefax.com/faxestate/html/ltr/assets/images/about_2_icon_2.png]
[html.themefax.com/faxestate/html/ltr/assets/images/explore_img_1.png]
[html.themefax.com/faxestate/html/ltr/assets/images/explore_icon.png]
[html.themefax.com/faxestate/html/ltr/assets/images/explore_img_2.png]
[html.themefax.com/faxestate/html/ltr/assets/images/explore_img_3.png]
[html.themefax.com/faxestate/html/ltr/assets/images/explore_img_4.png]
[html.themefax.com/faxestate/html/ltr/assets/images/explore_img_5.png]
[html.themefax.com/faxestate/html/ltr/assets/images/explore_img_6.png]
[html.themefax.com/faxestate/html/ltr/assets/images/enquiry_bg.jpg]
[html.themefax.com/faxestate/html/ltr/assets/images/user_icon_black.png]
[html.themefax.com/faxestate/html/ltr/assets/images/call_icon_black.png]
[html.themefax.com/faxestate/html/ltr/assets/images/mail_icon_black.svg]
[html.themefax.com/faxestate/html/ltr/assets/images/agent_1.jpg]
[html.themefax.com/faxestate/html/ltr/assets/images/agent_2.jpg]
[html.themefax.com/faxestate/html/ltr/assets/images/agent_3.jpg]
[html.themefax.com/faxestate/html/ltr/assets/images/agent_4.jpg]
[html.themefax.com/faxestate/html/ltr/assets/images/testimonial_2_img_1.png]
[html.themefax.com/faxestate/html/ltr/assets/images/testimonial_2_img_2.png]
[html.themefax.com/faxestate/html/ltr/assets/images/testimonial_2_img_3.png]
[html.themefax.com/faxestate/html/ltr/assets/images/blog_3_img_1.png]
[html.themefax.com/faxestate/html/ltr/assets/images/calender.png]
[html.themefax.com/faxestate/html/ltr/assets/images/massage.png]
[html.themefax.com/faxestate/html/ltr/assets/images/blog_3_img_2.png]
[html.themefax.com/faxestate/html/ltr/assets/images/blog_3_img_3.png]
[html.themefax.com/faxestate/html/ltr/dashboard_wishlist.html]
[html.themefax.com/faxestate/html/ltr/dashboard_profile.html]
[html.themefax.com/faxestate/html/ltr/assets/js/jquery-3.7.1.min.js]
[html.themefax.com/faxestate/html/ltr/assets/js/bootstrap.bundle.min.js]
[html.themefax.com/faxestate/html/ltr/assets/js/Font-Awesome.js]
[html.themefax.com/faxestate/html/ltr/assets/js/jquery.nice-select.min.js]
[html.themefax.com/faxestate/html/ltr/assets/js/select2.min.js]
[html.themefax.com/faxestate/html/ltr/assets/js/slick.min.js]
[html.themefax.com/faxestate/html/ltr/assets/js/jquery.marquee.min.js]
[html.themefax.com/faxestate/html/ltr/assets/js/jquery.youtube-background.min.js]
[html.themefax.com/faxestate/html/ltr/assets/js/wow.min.js]
[html.themefax.com/faxestate/html/ltr/assets/js/animated_barfiller.js]
[html.themefax.com/faxestate/html/ltr/assets/js/jquery.simple-bar-graph.min.js]
[html.themefax.com/faxestate/html/ltr/assets/js/sticky_sidebar.js]
[html.themefax.com/faxestate/html/ltr/assets/js/summernote.min.js]
[html.themefax.com/faxestate/html/ltr/assets/js/scroll_button.js]
[html.themefax.com/faxestate/html/ltr/assets/js/script.js]
[html.themefax.com/faxestate/html/ltr/index_3.html]
[html.themefax.com/faxestate/html/ltr/assets/webfonts/fa-brands-400.eot]
[html.themefax.com/faxestate/html/ltr/assets/webfonts/fa-brands-400.woff2]
[html.themefax.com/faxestate/html/ltr/assets/webfonts/fa-brands-400d41d.eot]
[html.themefax.com/faxestate/html/ltr/assets/webfonts/fa-brands-400.woff]
[html.themefax.com/faxestate/html/ltr/assets/webfonts/fa-brands-400.ttf]
[html.themefax.com/faxestate/html/ltr/assets/webfonts/fa-regular-400.eot]
[html.themefax.com/faxestate/html/ltr/assets/webfonts/fa-brands-400.svg]
[html.themefax.com/faxestate/html/ltr/assets/webfonts/fa-regular-400d41d.eot]
[html.themefax.com/faxestate/html/ltr/assets/webfonts/fa-regular-400.woff2]
[html.themefax.com/faxestate/html/ltr/assets/webfonts/fa-regular-400.woff]
[html.themefax.com/faxestate/html/ltr/assets/webfonts/fa-regular-400.ttf]
[html.themefax.com/faxestate/html/ltr/assets/webfonts/fa-regular-400.svg]
[html.themefax.com/faxestate/html/ltr/assets/webfonts/fa-solid-900.eot]
[html.themefax.com/faxestate/html/ltr/assets/webfonts/fa-solid-900d41d.eot]
[html.themefax.com/faxestate/html/ltr/assets/webfonts/fa-solid-900.woff2]
[html.themefax.com/faxestate/html/ltr/assets/webfonts/fa-solid-900.woff]
[html.themefax.com/faxestate/html/ltr/assets/webfonts/fa-solid-900.ttf]
[html.themefax.com/faxestate/html/ltr/assets/css/all.min.css]
[html.themefax.com/faxestate/html/ltr/assets/css/bootstrap.min.css]
[html.themefax.com/faxestate/html/ltr/assets/css/nice-select.css]
[html.themefax.com/faxestate/html/ltr/assets/css/slick.css]
[html.themefax.com/faxestate/html/ltr/assets/css/select2.min.css]
[html.themefax.com/faxestate/html/ltr/assets/css/animate.css]
[html.themefax.com/faxestate/html/ltr/assets/css/animated_barfiller.css]
[html.themefax.com/faxestate/html/ltr/assets/webfonts/fa-solid-900.svg]
[html.themefax.com/faxestate/html/ltr/assets/css/font/summernote.eot]
[html.themefax.com/faxestate/html/ltr/assets/css/font/summernoted41d.eot]
[html.themefax.com/faxestate/html/ltr/assets/css/font/summernote.woff2]
[html.themefax.com/faxestate/html/ltr/assets/css/font/summernote.woff]
[html.themefax.com/faxestate/html/ltr/assets/css/summernote.min.css]
[html.themefax.com/faxestate/html/ltr/assets/css/font/summernote.ttf]
[html.themefax.com/faxestate/html/ltr/assets/css/scroll_button.css]
[html.themefax.com/faxestate/html/ltr/assets/css/utilities.css]
[html.themefax.com/faxestate/html/ltr/assets/css/jquery.simple-bar-graph.min.css]
[html.themefax.com/faxestate/html/ltr/assets/images/banner_shape_1.png]
[html.themefax.com/faxestate/html/ltr/assets/images/footer_shape_1.png]
[html.themefax.com/faxestate/html/ltr/assets/images/testi_quot_icon.png]
[html.themefax.com/faxestate/html/ltr/assets/images/testi_dot_shapes.png]
[html.themefax.com/faxestate/html/ltr/assets/images/about_2_shapes.png]
[html.themefax.com/faxestate/html/ltr/assets/images/testi_quot_icon_2.png]
[html.themefax.com/faxestate/html/ltr/assets/images/review.png]
[html.themefax.com/faxestate/html/ltr/assets/images/Star.png]
[html.themefax.com/faxestate/html/ltr/assets/images/blog_owner_bg.jpg]
[html.themefax.com/faxestate/html/ltr/assets/images/blog_state_bg.jpg]
[html.themefax.com/faxestate/html/ltr/assets/images/checkmark.png]
[html.themefax.com/faxestate/html/ltr/assets/css/style.css]
[html.themefax.com/faxestate/html/ltr/assets/css/responsive.css]
[html.themefax.com/faxestate/html/ltr/assets/images/logo_1.png]
[html.themefax.com/faxestate/html/ltr/assets/images/offcanvas_bg.jpg]
[html.themefax.com/faxestate/html/ltr/assets/images/offcanvas_img_3.jpg]
[html.themefax.com/faxestate/html/ltr/assets/images/offcanvas_img_1.jpg]
[html.themefax.com/faxestate/html/ltr/assets/images/offcanvas_img_2.jpg]
[html.themefax.com/faxestate/html/ltr/assets/images/banner_bg.jpg]
[html.themefax.com/faxestate/html/ltr/assets/images/about_1.jpg]
[html.themefax.com/faxestate/html/ltr/assets/images/about_2.jpg]
[html.themefax.com/faxestate/html/ltr/assets/images/about_3.jpg]
[html.themefax.com/faxestate/html/ltr/assets/images/about_icon_1.png]
[html.themefax.com/faxestate/html/ltr/assets/images/about_icon_2.png]
[html.themefax.com/faxestate/html/ltr/assets/images/about_icon_3.png]
[html.themefax.com/faxestate/html/ltr/assets/images/about_icon_4.png]
[html.themefax.com/faxestate/html/ltr/assets/images/destination_1.jpg]
[html.themefax.com/faxestate/html/ltr/assets/images/destination_2.jpg]
[html.themefax.com/faxestate/html/ltr/assets/images/destination_3.jpg]
[html.themefax.com/faxestate/html/ltr/assets/images/destination_4.jpg]
[html.themefax.com/faxestate/html/ltr/assets/images/destination_5.jpg]
[html.themefax.com/faxestate/html/ltr/assets/images/property_1.jpg]
[html.themefax.com/faxestate/html/ltr/assets/images/bad.png]
[html.themefax.com/faxestate/html/ltr/assets/images/bathtab.png]
[html.themefax.com/faxestate/html/ltr/assets/images/squre.png]
[html.themefax.com/faxestate/html/ltr/assets/images/property_2.jpg]
[html.themefax.com/faxestate/html/ltr/assets/images/property_3.jpg]
[html.themefax.com/faxestate/html/ltr/assets/images/property_4.jpg]
[html.themefax.com/faxestate/html/ltr/assets/images/property_5.jpg]
[html.themefax.com/faxestate/html/ltr/assets/images/property_6.jpg]
[html.themefax.com/faxestate/html/ltr/assets/images/find_state.jpg]
[html.themefax.com/faxestate/html/ltr/assets/images/blog_1.jpg]
[html.themefax.com/faxestate/html/ltr/assets/images/blog_2.jpg]
[html.themefax.com/faxestate/html/ltr/assets/images/blog_3.jpg]
[html.themefax.com/faxestate/html/ltr/assets/images/Discover_bg.jpg]
[html.themefax.com/faxestate/html/ltr/assets/images/search.png]
[html.themefax.com/faxestate/html/ltr/assets/images/house.png]
[html.themefax.com/faxestate/html/ltr/assets/images/bag.png]
[html.themefax.com/faxestate/html/ltr/assets/images/happy.png]
[html.themefax.com/faxestate/html/ltr/assets/images/partner_1.png]
[html.themefax.com/faxestate/html/ltr/assets/images/partner_10.png]
[html.themefax.com/faxestate/html/ltr/assets/images/partner_3.png]
[html.themefax.com/faxestate/html/ltr/assets/images/partner_4.png]
[html.themefax.com/faxestate/html/ltr/assets/images/partner_5.png]
[html.themefax.com/faxestate/html/ltr/assets/images/partner_6.png]
[html.themefax.com/faxestate/html/ltr/assets/images/partner_7.png]
[html.themefax.com/faxestate/html/ltr/assets/images/partner_8.png]
[html.themefax.com/faxestate/html/ltr/assets/images/partner_9.png]
[html.themefax.com/faxestate/html/ltr/index.html]
[html.themefax.com/faxestate/html/ltr/assets/images/footer_logo.png]
[html.themefax.com/faxestate/html/ltr/assets/images/logo_2.png]
[html.themefax.com/faxestate/html/ltr/assets/images/banner_2_bg.jpg]
[html.themefax.com/faxestate/html/ltr/assets/images/amenities_img_1.png]
[html.themefax.com/faxestate/html/ltr/assets/images/amenities_img_4.png]
[html.themefax.com/faxestate/html/ltr/assets/images/amenities_img_3.png]
[html.themefax.com/faxestate/html/ltr/assets/images/amenities_img_5.png]
[html.themefax.com/faxestate/html/ltr/assets/images/amenities_img_11.png]
[html.themefax.com/faxestate/html/ltr/assets/images/amenities_img_6.png]
[html.themefax.com/faxestate/html/ltr/assets/images/amenities_img_7.png]
[html.themefax.com/faxestate/html/ltr/assets/images/amenities_img_12.png]
[html.themefax.com/faxestate/html/ltr/assets/images/amenities_img_8.png]
[html.themefax.com/faxestate/html/ltr/assets/images/amenities_img_10.png]
[html.themefax.com/faxestate/html/ltr/assets/images/amenities_img_9.png]
[html.themefax.com/faxestate/html/ltr/assets/images/property_7.jpg]
[html.themefax.com/faxestate/html/ltr/assets/images/property_8.jpg]
[html.themefax.com/faxestate/html/ltr/assets/images/property_9.jpg]
[html.themefax.com/faxestate/html/ltr/assets/images/property_10.jpg]
[html.themefax.com/faxestate/html/ltr/assets/images/property_11.jpg]
[html.themefax.com/faxestate/html/ltr/assets/images/property_12.jpg]
[html.themefax.com/faxestate/html/ltr/assets/images/category_img_1.jpg]
[html.themefax.com/faxestate/html/ltr/assets/images/category_img_2.jpg]
[html.themefax.com/faxestate/html/ltr/assets/images/category_img_3.jpg]
[html.themefax.com/faxestate/html/ltr/assets/images/category_img_4.jpg]
[html.themefax.com/faxestate/html/ltr/assets/images/category_img_5.jpg]
[html.themefax.com/faxestate/html/ltr/assets/images/agent_5.jpg]
[html.themefax.com/faxestate/html/ltr/assets/images/agent_6.jpg]
[html.themefax.com/faxestate/html/ltr/assets/images/agent_7.jpg]
[html.themefax.com/faxestate/html/ltr/assets/images/agent_8.jpg]
[html.themefax.com/faxestate/html/ltr/assets/images/testimonial_img_1.png]
[html.themefax.com/faxestate/html/ltr/assets/images/testimonial_img_2.png]
[html.themefax.com/faxestate/html/ltr/assets/images/testimonial_img_3.png]
[html.themefax.com/faxestate/html/ltr/assets/images/testimonial_img_4.png]
[html.themefax.com/faxestate/html/ltr/assets/images/blog_2_img_1.png]
[html.themefax.com/faxestate/html/ltr/assets/images/blog_2_img_2.png]
[html.themefax.com/faxestate/html/ltr/assets/images/blog_2_img_3.png]
[html.themefax.com/faxestate/html/ltr/assets/images/footer_logo_2.png]
[html.themefax.com/faxestate/html/ltr/index_2.html]
[html.themefax.com/faxestate/html/ltr/assets/images/breadcrumbs_bg.jpg]
[html.themefax.com/faxestate/html/ltr/about_us.html]
[html.themefax.com/faxestate/html/ltr/property_grid_view.html]
[html.themefax.com/faxestate/html/ltr/property_list_view.html]
[html.themefax.com/faxestate/html/ltr/property_left_sidebar.html]
[html.themefax.com/faxestate/html/ltr/property_right_sidebar.html]
[html.themefax.com/faxestate/html/ltr/assets/images/property_details_img_1.jpg]
[html.themefax.com/faxestate/html/ltr/assets/images/property_details_img_2.jpg]
[html.themefax.com/faxestate/html/ltr/assets/images/property_details_img_3.jpg]
[html.themefax.com/faxestate/html/ltr/assets/images/property_details_img_4.jpg]
[html.themefax.com/faxestate/html/ltr/assets/images/layout.jpg]
[html.themefax.com/faxestate/html/ltr/assets/images/comment_1.png]
[html.themefax.com/faxestate/html/ltr/assets/images/comment_2.png]
[html.themefax.com/faxestate/html/ltr/assets/images/comment_3.png]
[html.themefax.com/faxestate/html/ltr/assets/images/blog_owner.png]
[html.themefax.com/faxestate/html/ltr/property_details.html]
[html.themefax.com/faxestate/html/ltr/assets/images/agencies_img_1.jpg]
[html.themefax.com/faxestate/html/ltr/assets/images/agencies_logo_1.jpg]
[html.themefax.com/faxestate/html/ltr/assets/images/agencies_img_2.jpg]
[html.themefax.com/faxestate/html/ltr/assets/images/agencies_logo_2.jpg]
[html.themefax.com/faxestate/html/ltr/assets/images/agencies_img_3.jpg]
[html.themefax.com/faxestate/html/ltr/assets/images/agencies_logo_3.jpg]
[html.themefax.com/faxestate/html/ltr/assets/images/agencies_img_4.jpg]
[html.themefax.com/faxestate/html/ltr/assets/images/agencies_logo_4.jpg]
[html.themefax.com/faxestate/html/ltr/assets/images/agencies_img_5.jpg]
[html.themefax.com/faxestate/html/ltr/assets/images/agencies_logo_5.jpg]
[html.themefax.com/faxestate/html/ltr/assets/images/popular_blog_1.jpg]
[html.themefax.com/faxestate/html/ltr/assets/images/popular_blog_2.jpg]
[html.themefax.com/faxestate/html/ltr/assets/images/popular_blog_3.jpg]
[html.themefax.com/faxestate/html/ltr/agencies.html]
[html.themefax.com/faxestate/html/ltr/assets/images/blog_details_1_img.jpg]
[html.themefax.com/faxestate/html/ltr/agencies_details.html]
[html.themefax.com/faxestate/html/ltr/assets/images/calender_2.png]
[html.themefax.com/faxestate/html/ltr/assets/images/user_icon_2.png]
[html.themefax.com/faxestate/html/ltr/assets/images/massage_2.png]
[html.themefax.com/faxestate/html/ltr/assets/images/blog_details_2_img.jpg]
[html.themefax.com/faxestate/html/ltr/blog_details.html]
[html.themefax.com/faxestate/html/ltr/assets/images/blog_logo.jpg]
[html.themefax.com/faxestate/html/ltr/agent.html]
[html.themefax.com/faxestate/html/ltr/assets/images/agent_details_img.jpg]
[html.themefax.com/faxestate/html/ltr/agent_details.html]
[html.themefax.com/faxestate/html/ltr/pricing_plan.html]
[html.themefax.com/faxestate/html/ltr/checkout.html]
[html.themefax.com/faxestate/html/ltr/assets/images/pay_icon_1.png]
[html.themefax.com/faxestate/html/ltr/assets/images/pay_icon_2.png]
[html.themefax.com/faxestate/html/ltr/assets/images/pay_icon_3.png]
[html.themefax.com/faxestate/html/ltr/assets/images/pay_icon_4.png]
[html.themefax.com/faxestate/html/ltr/assets/images/pay_icon_5.png]
[html.themefax.com/faxestate/html/ltr/assets/images/pay_icon_6.png]
[html.themefax.com/faxestate/html/ltr/assets/images/pay_icon_7.png]
[html.themefax.com/faxestate/html/ltr/assets/images/pay_icon_8.png]
[html.themefax.com/faxestate/html/ltr/assets/images/pay_icon_9.png]
[html.themefax.com/faxestate/html/ltr/payment.html]
[html.themefax.com/faxestate/html/ltr/assets/images/error_bg.png]
[html.themefax.com/faxestate/html/ltr/error.html]
[html.themefax.com/faxestate/html/ltr/faq.html]
[html.themefax.com/faxestate/html/ltr/assets/images/google.png]
[html.themefax.com/faxestate/html/ltr/assets/images/facebook.png]
[html.themefax.com/faxestate/html/ltr/assets/images/login_bg.jpg]
[html.themefax.com/faxestate/html/ltr/sign_in.html]
[html.themefax.com/faxestate/html/ltr/sign_up.html]
[html.themefax.com/faxestate/html/ltr/forgot_password.html]
[html.themefax.com/faxestate/html/ltr/privacy_policy.html]
[html.themefax.com/faxestate/html/ltr/terms_condition.html]
[html.themefax.com/faxestate/html/ltr/assets/images/blog_4.jpg]
[html.themefax.com/faxestate/html/ltr/assets/images/blog_5.jpg]
[html.themefax.com/faxestate/html/ltr/assets/images/blog_6.jpg]
[html.themefax.com/faxestate/html/ltr/blog.html]
[html.themefax.com/faxestate/html/ltr/assets/images/location.png]
[html.themefax.com/faxestate/html/ltr/assets/images/call.png]
[html.themefax.com/faxestate/html/ltr/assets/images/massage_3.png]
[html.themefax.com/faxestate/html/ltr/assets/images/user_icon_3.png]
[html.themefax.com/faxestate/html/ltr/assets/images/massage_4.png]
[html.themefax.com/faxestate/html/ltr/assets/images/call_2.png]
[html.themefax.com/faxestate/html/ltr/contact.html]
[html.themefax.com/faxestate/html/ltr/assets/images/dashboard_icon_1.png]
[html.themefax.com/faxestate/html/ltr/assets/images/dashboard_icon_2.png]
[html.themefax.com/faxestate/html/ltr/dashboard_property.html]
[html.themefax.com/faxestate/html/ltr/assets/images/dashboard_icon_3.png]
[html.themefax.com/faxestate/html/ltr/dashboard_pricing.html]
[html.themefax.com/faxestate/html/ltr/assets/images/dashboard_icon_4.png]
[html.themefax.com/faxestate/html/ltr/dashboard_order.html]
[html.themefax.com/faxestate/html/ltr/assets/images/dashboard_icon_7.png]
[html.themefax.com/faxestate/html/ltr/assets/images/dashboard_icon_6.png]
[html.themefax.com/faxestate/html/ltr/dashboard_review.html]
[html.themefax.com/faxestate/html/ltr/assets/images/dashboard_icon_5.png]
[html.themefax.com/faxestate/html/ltr/assets/images/dashboard_icon_8.png]
[html.themefax.com/faxestate/html/ltr/dashboard_edit_property.html]
[html.themefax.com/faxestate/html/ltr/dashboard.html]
[html.themefax.com/faxestate/html/ltr/dashboard_add_property.html]
[html.themefax.com/faxestate/html/ltr/assets/images/mail_icon_black.svg]
[html.themefax.com/faxestate/html/ltr/property.html]
[html.themefax.com/faxestate/html/ltr/dashboard_wishlist.html]
[html.themefax.com/faxestate/html/ltr/dashboard_profile.html]
[html.themefax.com/faxestate/html/ltr/assets/webfonts/fa-brands-400.svg]
[html.themefax.com/faxestate/html/ltr/assets/webfonts/fa-regular-400.svg]
[html.themefax.com/faxestate/html/ltr/assets/webfonts/fa-solid-900.svg]
[html.themefax.com/faxestate/html/ltr/dashboard_property.html]
[html.themefax.com/faxestate/html/ltr/dashboard_pricing.html]
[html.themefax.com/faxestate/html/ltr/dashboard_invoice.html]
[html.themefax.com/faxestate/html/ltr/dashboard_order.html]
[html.themefax.com/faxestate/html/ltr/dashboard_review.html]
[html.themefax.com/faxestate/html/ltr/dashboard_edit_property.html]
[html.themefax.com/faxestate/html/ltr/dashboard_invoice.html]
